
> literary-map@0.1.0 performance:audit
> node scripts/audit-performance-budget.mjs

PASS initial asset references: 4 / 4 files
PASS initial module script/modulepreload/CSS gzip: 268872 / 307200 bytes
PASS CMS article growth allowance: 167 / 162 baseline articles; 1310720 bytes (262144 per additional article)
PASS dist total: 131295124 / 135790592 bytes
PASS dist excluding book covers: 91719958 / 96206848 bytes
PASS largest JS (assets/book-catalog-CUS-317M.js): 2053989 / 2097152 bytes
PASS largest JS gzip (assets/book-catalog-CUS-317M.js): 183790 / 409600 bytes
PASS main JS (assets/index-IXkKBBAv.js): 402571 / 716800 bytes
PASS main JS gzip (assets/index-IXkKBBAv.js): 120707 / 225280 bytes
PASS antique globe texture: 2901792 / 3355443 bytes
PASS globe texture count: 20 / 20 files
PASS globe textures total: 22049818 / 26214400 bytes
PASS desktop globe texture textures/antique-world-1887.webp: 2901792 / 3355443 bytes
PASS desktop globe texture textures/behaim-1492-ravenstein-1908.webp: 2031414 / 3355443 bytes
PASS desktop globe texture textures/cassini-globo-terrestre-1790.webp: 2619370 / 3355443 bytes
PASS desktop globe texture textures/coronelli-1697.webp: 1429020 / 3355443 bytes
PASS desktop globe texture textures/earth-blue-marble.webp: 434610 / 3355443 bytes
PASS desktop globe texture textures/hondius-rossi-1615.webp: 1929066 / 3355443 bytes
PASS desktop globe texture textures/modern-atlas-2026-en.webp: 1461376 / 3355443 bytes
PASS desktop globe texture textures/modern-atlas-2026-ru.webp: 1477124 / 3355443 bytes
PASS desktop globe texture textures/scherer-1700.webp: 1104598 / 3355443 bytes
PASS desktop globe texture textures/us-army-general-reference-1943.webp: 1971264 / 3355443 bytes
PASS mobile globe texture textures/antique-world-1887-mobile.webp: 687972 / 786432 bytes
PASS mobile globe texture textures/behaim-1492-ravenstein-1908-mobile.webp: 511208 / 786432 bytes
PASS mobile globe texture textures/cassini-globo-terrestre-1790-mobile.webp: 609440 / 786432 bytes
PASS mobile globe texture textures/coronelli-1697-mobile.webp: 499562 / 786432 bytes
PASS mobile globe texture textures/earth-blue-marble-mobile.webp: 126246 / 786432 bytes
PASS mobile globe texture textures/hondius-rossi-1615-mobile.webp: 537158 / 786432 bytes
PASS mobile globe texture textures/modern-atlas-2026-en-mobile.webp: 390810 / 786432 bytes
PASS mobile globe texture textures/modern-atlas-2026-ru-mobile.webp: 395324 / 786432 bytes
PASS mobile globe texture textures/scherer-1700-mobile.webp: 407040 / 786432 bytes
PASS mobile globe texture textures/us-army-general-reference-1943-mobile.webp: 525424 / 786432 bytes
PASS writer portraits total: 30943374 / 37748736 bytes
PASS writer portrait average: 27239 / 36864 bytes
PASS writer portrait maximum: 123952 / 153600 bytes
PASS book cover count: 424 / 424 files
PASS book covers total: 39575166 / 40108032 bytes
PASS book cover average: 93338 / 153600 bytes
PASS book cover maximum: 462894 / 491520 bytes
Performance budget passed for 4576 production files.
