
Running 17 tests using 1 worker



[1/17] tests\pwa\booky-live-character.spec.mjs:408:1 › live Mr. Booky model responds to direct interaction while the canonical globe stays unchanged
[2/17] tests\pwa\booky-live-character.spec.mjs:555:1 › Mr. Booky opens canonical local utilities without writes and preserves newer keyboard focus
[3/17] tests\pwa\booky-live-character.spec.mjs:637:1 › Mr. Booky thirteen gestures and nonrepeating surprises finish and remain still with reduced motion
[4/17] tests\pwa\booky-live-character.spec.mjs:746:1 › Mr. Booky walks continuously in clear space only by request and stops for drag, hiding and reduced motion
[5/17] tests\pwa\booky-live-character.spec.mjs:1023:1 › Mr. Booky approaches the selected section once, points, and respects cancellation and reduced motion
[6/17] tests\pwa\booky-live-character.spec.mjs:1158:1 › Mr. Booky mobile placement preserves globe and collection hit targets in both locales
[7/17] tests\pwa\booky-live-character.spec.mjs:1299:1 › short landscape globe controls stay reachable beside the collapsed country archive in both locales
[8/17] tests\pwa\booky-live-character.spec.mjs:1442:1 › Mr. Booky open help preserves primary navigation and scrolls independently in both locales
[9/17] tests\pwa\booky-live-character.spec.mjs:1568:1 › Mr. Booky treats held Enter and Space as one walking command
[10/17] tests\pwa\booky-live-character.spec.mjs:1617:1 › mobile touch graphics approach returns to reserved dock and respects Stop and reduced motion ru 390
[11/17] tests\pwa\booky-live-character.spec.mjs:1617:1 › mobile touch graphics approach returns to reserved dock and respects Stop and reduced motion en 320
[12/17] tests\pwa\booky-live-character.spec.mjs:1892:3 › utility surface natural touch ru recent
[13/17] tests\pwa\booky-live-character.spec.mjs:1892:3 › utility surface natural touch ru downloads
[14/17] tests\pwa\booky-live-character.spec.mjs:1892:3 › utility surface natural touch en recent
[15/17] tests\pwa\booky-live-character.spec.mjs:1892:3 › utility surface natural touch en downloads
[16/17] tests\pwa\booky-reader-policy.spec.mjs:481:1 › explicit adult profile survives locale and lifecycle while drafts and deletion never grant stale policy
[17/17] tests\pwa\booky-reader-policy.spec.mjs:542:1 › future profiles are retained until confirmed deletion and failed deletion cannot restore admission
  Slow test file: tests\pwa\booky-live-character.spec.mjs (6.1m)
  Consider running tests from slow files in parallel. See: https://playwright.dev/docs/test-parallel
  17 passed (6.4m)
