
> literary-map@0.1.0 lint
> npm run text:hyphens:check && npm run lint:public && npm run lint --workspace @probpera/admin


> literary-map@0.1.0 text:hyphens:check
> node scripts/normalize-short-hyphens.mjs

Found forbidden long dashes in 260 file(s):
- data\news\batches\r10-01.json
- data\news\batches\r10-02.json
- data\news\batches\r10-03.json
- data\news\batches\r10-04.json
- data\news\batches\r10-05.json
- data\news\batches\r10-07.json
- data\news\r10-source-candidates.json
- data\news\reviewed.json
- reports\r10\social\previews.json
- reports\r10\social\q-text-review.md
- reports\r10\sources\aaww.json
- reports\r10\sources\actualitte.json
- reports\r10\sources\ad-marginem.json
- reports\r10\sources\ake-arts-book-festival.json
- reports\r10\sources\amabooks.json
- reports\r10\sources\anel-qc-ca.json
- reports\r10\sources\apel-pt.json
- reports\r10\sources\apnetafrica-org.json
- reports\r10\sources\aseanbookpublishers-org.json
- reports\r10\sources\ast.json
- reports\r10\sources\asymptote.json
- reports\r10\sources\bibnat-ro.json
- reports\r10\sources\bn-org-pl.json
- reports\r10\sources\bn-peru.json
- reports\r10\sources\bnf.json
- reports\r10\sources\bnrm-md.json
- reports\r10\sources\bookunion-ru.json
- reports\r10\sources\cassava-republic.json
- reports\r10\sources\cenl-directory-details.json
- reports\r10\sources\chinesepen-org.json
- reports\r10\sources\coverage.json
- reports\r10\sources\cul-com-uy.json
- reports\r10\sources\directory-0.json
- reports\r10\sources\egyptianpublishers-org.json
- reports\r10\sources\electric-literature.json
- reports\r10\sources\eulac-org.json
- reports\r10\sources\federacioneditores-org.json
- reports\r10\sources\femrite.json
- reports\r10\sources\frankfurt-book-fair.json
- reports\r10\sources\galle-literary-festival.json
- reports\r10\sources\god-literatury.json
- reports\r10\sources\goslitmuz.json
- reports\r10\sources\gothenburg-book-fair.json
- reports\r10\sources\ikapi-org.json
- reports\r10\sources\il-libraio.json
- reports\r10\sources\ipa-directory-discovery.json
- reports\r10\sources\irishpen-com.json
- reports\r10\sources\jacana.json
- reports\r10\sources\jalada.json
- reports\r10\sources\kenya-publishers-association.json
- reports\r10\sources\landesbibliothek-li.json
- reports\r10\sources\literary-arts.json
- reports\r10\sources\lnb-lt.json
- reports\r10\sources\loatad.json
- reports\r10\sources\mabopa-com-my.json
- reports\r10\sources\maltalibraries-gov-mt.json
- reports\r10\sources\nationallibrary-bg.json
- reports\r10\sources\nb-cg-me.json
- reports\r10\sources\nb-no.json
- reports\r10\sources\nb-rs.json
- reports\r10\sources\nbuv-gov-ua.json
- reports\r10\sources\ndl-japan.json
- reports\r10\sources\nkp-cz.json
- reports\r10\sources\nobel.json
- reports\r10\sources\norskpen-no.json
- reports\r10\sources\onb-ac-at.json
- reports\r10\sources\oszk-hu.json
- reports\r10\sources\pac-org-cn.json
- reports\r10\sources\pen-america.json
- reports\r10\sources\pen-deutschland-de.json
- reports\r10\sources\pen-dk.json
- reports\r10\sources\pen-international-org.json
- reports\r10\sources\pen-kurd-org.json
- reports\r10\sources\penbelarus-org.json
- reports\r10\sources\penbih-ba.json
- reports\r10\sources\penslovenia-zdruzenje-si.json
- reports\r10\sources\polyandria.json
- reports\r10\sources\press-princeton-edu.json
- reports\r10\sources\prh.json
- reports\r10\sources\pubat-or-th.json
- reports\r10\sources\pubcouncil-ca.json
- reports\r10\sources\publishers-fi.json
- reports\r10\sources\publishers-org-nz.json
- reports\r10\sources\publishers-org-uk.json
- reports\r10\sources\publishers-weekly.json
- reports\r10\sources\rsl.json
- reports\r10\sources\runtime-batch-01.json
- reports\r10\sources\runtime-batch-02.json
- reports\r10\sources\runtime-batch-03.json
- reports\r10\sources\runtime-batch-04.json
- reports\r10\sources\runtime-batch-05.json
- reports\r10\sources\runtime-batch-06.json
- reports\r10\sources\runtime-batch-07.json
- reports\r10\sources\runtime-batch-08.json
- reports\r10\sources\runtime-batch-09.json
- reports\r10\sources\salone-libro-torino.json
- reports\r10\sources\samokat.json
- reports\r10\sources\shanghai-childrens-book-fair.json
- reports\r10\sources\shbsh-al.json
- reports\r10\sources\turkyaybir-org-tr.json
- reports\r10\sources\ubud-writers-readers-festival.json
- reports\r10\sources\universitypressplc-com.json
- reports\r10\sources\word-christchurch.json
- scripts\lib\literary-news-nobel-profile.mjs
- scripts\lib\literary-news-source-profiles.mjs
- work\p20-r10\build-batch.mjs
- work\p20-r10\detail-1.json
- work\p20-r10\detail-10.json
- work\p20-r10\detail-11.json
- work\p20-r10\detail-12.json
- work\p20-r10\detail-16.json
- work\p20-r10\detail-17.json
- work\p20-r10\detail-18.json
- work\p20-r10\detail-19.json
- work\p20-r10\detail-2.json
- work\p20-r10\detail-20.json
- work\p20-r10\detail-21.json
- work\p20-r10\detail-22.json
- work\p20-r10\detail-23.json
- work\p20-r10\detail-24.json
- work\p20-r10\detail-25.json
- work\p20-r10\detail-4.json
- work\p20-r10\detail-5.json
- work\p20-r10\detail-7.json
- work\p20-r10\detail-8.json
- work\p20-r10\detail-9.json
- work\p20-r10\details.json
- work\p20-r10\nlobooks.ru.html
- work\p20-r10-02\bn-chile-6.json
- work\p20-r10-02\bn-peru-0.json
- work\p20-r10-02\build-batch.mjs
- work\p20-r10-02\cassava-republic-1.json
- work\p20-r10-02\cassava-republic-3.json
- work\p20-r10-02\cassava-republic-5.json
- work\p20-r10-02\cul-com-uy-0.json
- work\p20-r10-02\cul-com-uy-4.json
- work\p20-r10-02\cul-com-uy-5.json
- work\p20-r10-02\cul-com-uy-6.json
- work\p20-r10-02\cul-com-uy-8.json
- work\p20-r10-02\ikapi-org-1.json
- work\p20-r10-02\loatad-0.json
- work\p20-r10-02\modjaji-1.json
- work\p20-r10-02\ndl-japan-1.json
- work\p20-r10-02\ndl-japan-2.json
- work\p20-r10-02\polish.mjs
- work\p20-r10-02\pubat-or-th-0.json
- work\p20-r10-02\selected.json
- work\p40-r10-04\ad-marginem-0.json
- work\p40-r10-04\ad-marginem-1.json
- work\p40-r10-04\ad-marginem-2.json
- work\p40-r10-04\ad-marginem-6.json
- work\p40-r10-04\ast-2.json
- work\p40-r10-04\ast-5.json
- work\p40-r10-04\ast-7.json
- work\p40-r10-04\ast-8.json
- work\p40-r10-04\ast-9.json
- work\p40-r10-04\bookunion-ru-0.json
- work\p40-r10-04\bookunion-ru-1.json
- work\p40-r10-04\bookunion-ru-2.json
- work\p40-r10-04\bookunion-ru-5.json
- work\p40-r10-04\build-batch.mjs
- work\p40-r10-04\corpus-1.json
- work\p40-r10-04\corpus-2.json
- work\p40-r10-04\corpus-3.json
- work\p40-r10-04\corpus-5.json
- work\p40-r10-04\corpus-7.json
- work\p40-r10-04\corpus-9.json
- work\p40-r10-04\culture-5.json
- work\p40-r10-04\god-literatury-1.json
- work\p40-r10-04\god-literatury-13.json
- work\p40-r10-04\god-literatury-14.json
- work\p40-r10-04\god-literatury-24.json
- work\p40-r10-04\god-literatury-25.json
- work\p40-r10-04\god-literatury-32.json
- work\p40-r10-04\god-literatury-38.json
- work\p40-r10-04\god-literatury-4.json
- work\p40-r10-04\god-literatury-48.json
- work\p40-r10-04\god-literatury-7.json
- work\p40-r10-04\god-literatury-8.json
- work\p40-r10-04\god-literatury-9.json
- work\p40-r10-04\goslitmuz-0.json
- work\p40-r10-04\goslitmuz-10.json
- work\p40-r10-04\goslitmuz-3.json
- work\p40-r10-04\goslitmuz-4.json
- work\p40-r10-04\rsl-11.json
- work\p40-r10-04\rsl-13.json
- work\p40-r10-04\rsl-25.json
- work\p40-r10-04\rsl-27.json
- work\p40-r10-04\rsl-28.json
- work\p40-r10-04\rsl-29.json
- work\p40-r10-04\rsl-3.json
- work\p40-r10-04\rsl-6.json
- work\p40-r10-04\rsl-7.json
- work\p40-r10-04\rsl-8.json
- work\p40-r10-04\rsl-9.json
- work\p40-r10-04\samokat-0.json
- work\p40-r10-04\samokat-1.json
- work\p40-r10-04\samokat-19.json
- work\p40-r10-04\samokat-2.json
- work\p40-r10-04\samokat-21.json
- work\p40-r10-04\samokat-3.json
- work\p40-r10-04\samokat-7.json
- work\p40-r10-04\samokat-8.json
- work\p40-r10-04\selected.json
- work\p40-r10-06\bibnat-ro-4.json
- work\p40-r10-06\bibnat-ro-7.json
- work\p40-r10-06\bnf-0.json
- work\p40-r10-06\bnf-11.json
- work\p40-r10-06\bnf-4.json
- work\p40-r10-06\british-library-0.json
- work\p40-r10-06\british-library-10.json
- work\p40-r10-06\british-library-12.json
- work\p40-r10-06\british-library-18.json
- work\p40-r10-06\british-library-6.json
- work\p40-r10-06\build-batch.mjs
- work\p40-r10-06\el-boomeran-4.json
- work\p40-r10-06\el-boomeran-8.json
- work\p40-r10-06\kb-se-0.json
- work\p40-r10-06\kb-se-2.json
- work\p40-r10-06\kb-se-3.json
- work\p40-r10-06\literary-arts-1.json
- work\p40-r10-06\literary-arts-23.json
- work\p40-r10-06\literary-arts-27.json
- work\p40-r10-06\literary-arts-29.json
- work\p40-r10-06\literary-arts-9.json
- work\p40-r10-06\literary-hub-17.json
- work\p40-r10-06\literary-hub-18.json
- work\p40-r10-06\literary-hub-2.json
- work\p40-r10-06\literary-hub-21.json
- work\p40-r10-06\literary-hub-22.json
- work\p40-r10-06\literary-hub-23.json
- work\p40-r10-06\literary-hub-25.json
- work\p40-r10-06\literary-hub-27.json
- work\p40-r10-06\literary-hub-4.json
- work\p40-r10-06\literary-hub-6.json
- work\p40-r10-06\lom-0.json
- work\p40-r10-06\lom-2.json
- work\p40-r10-06\lom-3.json
- work\p40-r10-06\lom-4.json
- work\p40-r10-06\lom-6.json
- work\p40-r10-06\lom-7.json
- work\p40-r10-06\lom-8.json
- work\p40-r10-06\nationallibrary-bg-6.json
- work\p40-r10-06\nli-ie-4.json
- work\p40-r10-06\nls-uk-17.json
- work\p40-r10-06\nls-uk-9.json
- work\p40-r10-06\onb-ac-at-24.json
- work\p40-r10-06\onb-ac-at-3.json
- work\p40-r10-06\penclubedobrasil-org-br-8.json
- work\p40-r10-06\press-princeton-edu-1.json
- work\p40-r10-06\press-princeton-edu-25.json
- work\p40-r10-06\press-princeton-edu-9.json
- work\p40-r10-06\publishers-weekly-16.json
- work\p40-r10-06\publishers-weekly-17.json
- work\p40-r10-06\publishers-weekly-18.json
- work\p40-r10-06\publishers-weekly-21.json
- work\p40-r10-06\publishers-weekly-26.json
- work\p40-r10-06\publishers-weekly-8.json
- work\p40-r10-06\selected.json
- work\p40-r10-06\vaticanlibrary-va-0.json
