{
  "pass": true,
  "identity": {
    "buildId": "69bda350a724585e5af41c212a1178076291c082a2b132f0ac38ea9693f96970",
    "sourceCommit": "d5a128b1babd1eb22b473e35a1d7ec6ee0bc0d99",
    "localQaAuthority": true
  },
  "counts": {
    "files": 1427,
    "bytes": 76710830,
    "bootstrapFiles": 1398,
    "bootstrapBytes": 72909712,
    "sourceInputs": 1094,
    "publicSources": 1349,
    "scripts": 46
  },
  "findings": [],
  "releaseReady": false,
  "limitations": [
    "Preparation integrity and current source-input freshness only; not an RC, editorial/rights approval, entitlement authority or deployment approval.",
    "Static module/HTML/worker configuration checks do not prove browser behavior or arbitrary executable equivalence; real browser and native gates remain required."
  ]
}
