
Running 19 tests using 1 worker



[1/19] tests\pwa\booky-live-character.spec.mjs:411:1 › live Mr. Booky model responds to direct interaction while the canonical globe stays unchanged
[2/19] tests\pwa\booky-live-character.spec.mjs:558:1 › Mr. Booky opens canonical local utilities without writes and preserves newer keyboard focus
[3/19] tests\pwa\booky-live-character.spec.mjs:726:1 › Mr. Booky thirteen gestures and nonrepeating surprises finish and remain still with reduced motion
[4/19] tests\pwa\booky-live-character.spec.mjs:835:1 › Mr. Booky walks continuously in clear space only by request and stops for drag, hiding and reduced motion
[5/19] tests\pwa\booky-live-character.spec.mjs:1112:1 › Mr. Booky approaches the selected section once, points, and respects cancellation and reduced motion
[6/19] tests\pwa\booky-live-character.spec.mjs:1247:1 › Mr. Booky mobile placement preserves globe and collection hit targets in both locales
[7/19] tests\pwa\booky-live-character.spec.mjs:1388:1 › short landscape globe controls stay reachable beside the collapsed country archive in both locales
[8/19] tests\pwa\booky-live-character.spec.mjs:1531:1 › Mr. Booky open help preserves primary navigation and scrolls independently in both locales
[9/19] tests\pwa\booky-live-character.spec.mjs:1657:1 › Mr. Booky treats held Enter and Space as one walking command
[10/19] tests\pwa\booky-live-character.spec.mjs:1706:1 › mobile touch graphics approach returns to reserved dock and respects Stop and reduced motion ru 390
[11/19] tests\pwa\booky-live-character.spec.mjs:1706:1 › mobile touch graphics approach returns to reserved dock and respects Stop and reduced motion en 320
[12/19] tests\pwa\booky-live-character.spec.mjs:1981:3 › utility surface natural touch ru recent
[13/19] tests\pwa\booky-live-character.spec.mjs:1981:3 › utility surface natural touch ru downloads
[14/19] tests\pwa\booky-live-character.spec.mjs:1981:3 › utility surface natural touch en recent
[15/19] tests\pwa\booky-live-character.spec.mjs:1981:3 › utility surface natural touch en downloads
[16/19] tests\pwa\booky-live-character.spec.mjs:2134:3 › utility landscape natural touch ru recent
[17/19] tests\pwa\booky-live-character.spec.mjs:2134:3 › utility landscape natural touch en downloads
[18/19] tests\pwa\booky-reader-policy.spec.mjs:481:1 › explicit adult profile survives locale and lifecycle while drafts and deletion never grant stale policy
[19/19] tests\pwa\booky-reader-policy.spec.mjs:542:1 › future profiles are retained until confirmed deletion and failed deletion cannot restore admission
  Slow test file: tests\pwa\booky-live-character.spec.mjs (6.7m)
  Consider running tests from slow files in parallel. See: https://playwright.dev/docs/test-parallel
  19 passed (7.0m)
