
Running 19 tests using 1 worker



[1/19] tests\pwa\booky-journey.spec.mjs:494:1 › activity answers require fresh explicit acknowledgement and stay separate from navigation and saved progress
[2/19] tests\pwa\booky-journey.spec.mjs:545:1 › activity answer is temporary across suspension cold restoration and revoked journey review
[3/19] tests\pwa\booky-journey.spec.mjs:725:1 › actual reviewed fixture follows country writer work and explicit checkpoint across locale and suspension
[4/19] tests\pwa\booky-journey.spec.mjs:819:4 › journey admission fails closed: no-profile
[5/19] tests\pwa\booky-journey.spec.mjs:819:4 › journey admission fails closed: no-independent-journey-review
[6/19] tests\pwa\booky-journey.spec.mjs:841:1 › confirmed journey progress restores the exact prefix paused in a fresh document until explicit resume
[7/19] tests\pwa\booky-journey.spec.mjs:877:1 › failed journey-progress native write stays visibly unsaved until explicit exact retry
[8/19] tests\pwa\booky-journey.spec.mjs:911:1 › future journey progress remains unchanged until explicit confirmed removal
[9/19] tests\pwa\booky-journey.spec.mjs:947:1 › a new reviewed journey version cannot reinterpret or overwrite a saved older prefix
[10/19] tests\pwa\booky-journey.spec.mjs:982:1 › explicit reviewed journey migration preserves history and restores the exact new prefix paused
[11/19] tests\pwa\booky-journey.spec.mjs:1057:1 › missing or revoked independent migration review preserves the old version without navigation
[12/19] tests\pwa\booky-journey.spec.mjs:1108:1 › confirmed exact-version completion unlocks a dependent journey only with independently admitted saved locale
[13/19] tests\pwa\booky-journey.spec.mjs:1161:1 › history selection never navigates and confirmed single-record deletion truthfully retries while revoking a prerequisite
[14/19] tests\pwa\booky-journey.spec.mjs:1235:4 › journey focus: owned invalidated confirmation restores stable status
[15/19] tests\pwa\booky-journey.spec.mjs:1235:4 › journey focus: invalidated confirmation never steals outside keyboard focus
[16/19] tests\pwa\booky-journey.spec.mjs:1287:1 › journey focus: keyboard cancellation and fresh document discard consent without replaying progress
[17/19] tests\pwa\booky-journey.spec.mjs:1357:1 › full journey history keeps existing progress usable and frees exactly one chosen entry for a new route
[18/19] tests\pwa\booky-reader-policy.spec.mjs:481:1 › explicit adult profile survives locale and lifecycle while drafts and deletion never grant stale policy
[19/19] tests\pwa\booky-reader-policy.spec.mjs:542:1 › future profiles are retained until confirmed deletion and failed deletion cannot restore admission
  19 passed (3.6m)
