⚠ The "middleware" file convention is deprecated. Please use "proxy" instead.

  To migrate automatically, run:
  npx @next/codemod@canary middleware-to-proxy .

  Learn more: https://nextjs.org/docs/messages/middleware-to-proxy
<w> [webpack.cache.PackFileCacheStrategy] Serializing big strings (107kiB) impacts deserialization performance (consider using Buffer instead and decode when needed)
<w> [webpack.cache.PackFileCacheStrategy] Serializing big strings (258kiB) impacts deserialization performance (consider using Buffer instead and decode when needed)
⚠ Compiled with warnings in 1656ms

../../node_modules/next/dist/esm/server/app-render/dynamic-rendering.js
A Node.js API is used (process.cwd at line: 1044) which is not supported in the Edge Runtime.
Learn more: https://nextjs.org/docs/api-reference/edge-runtime

Import trace for requested module:
../../node_modules/next/dist/esm/server/app-render/dynamic-rendering.js
../../node_modules/next/dist/esm/server/request/connection.js
../../node_modules/next/dist/esm/server/web/exports/index.js
../../node_modules/next/dist/esm/api/server.js

../../node_modules/next/dist/esm/server/app-render/dynamic-rendering.js
A Node.js API is used (process.cwd at line: 1044) which is not supported in the Edge Runtime.
Learn more: https://nextjs.org/docs/api-reference/edge-runtime

Import trace for requested module:
../../node_modules/next/dist/esm/server/app-render/dynamic-rendering.js
../../node_modules/next/dist/esm/server/request/connection.js
../../node_modules/next/dist/esm/server/web/exports/index.js
../../node_modules/next/dist/esm/api/server.js

⚠ You are using an experimental edge runtime, the API might change.
⚠ The Edge Runtime is deprecated. You can use the "nodejs" runtime instead. Learn more: https://nextjs.org/docs/messages/edge-runtime-deprecated
