
Running 37 tests using 1 worker



[1/37] tests\pwa\book-dossier-character-archive.spec.mjs:213:1 › archive presents a requested second-block character without reading writes and dismisses it before native book Back
[2/37] tests\pwa\book-dossier-character-archive.spec.mjs:258:1 › late archive character observation uses the already settled exact book instead of an inactive initial receipt
[3/37] tests\pwa\book-dossier-character-archive.spec.mjs:277:1 › archive fallback cannot satisfy a character request and later publication requires a new explicit token
[4/37] tests\pwa\book-dossier-character-view.spec.mjs:143:1 › exact character requests open committed RU and EN native views without navigation or progress
[5/37] tests\pwa\book-dossier-character-view.spec.mjs:169:1 › invalid targets and selection locale remount background invalidation never replay a consumed request
[6/37] tests\pwa\book-dossier-character-view.spec.mjs:195:1 › lease expiry and unavailable data revoke the open observation without restoring outside focus or replaying
[7/37] tests\pwa\book-dossier-navigation.spec.mjs:208:1 › early next and contents choices survive delayed physical initialization and locale remapping without replaying another book
[8/37] tests\pwa\book-dossier-navigation.spec.mjs:251:1 › failed physical pagination keeps accessible progress immediately and across archive remount
[9/37] tests\pwa\book-dossier-navigation.spec.mjs:276:1 › switching adult identity restores its own dossier place without a transient previous-account write
[10/37] tests\pwa\booky-journey.spec.mjs:536:1 › activity answers require fresh explicit acknowledgement and stay separate from navigation and saved progress
[11/37] tests\pwa\booky-journey.spec.mjs:587:1 › activity answer is temporary across suspension cold restoration and revoked journey review
[12/37] tests\pwa\booky-journey.spec.mjs:767:1 › actual reviewed fixture follows country writer work and explicit checkpoint across locale and suspension
[13/37] tests\pwa\booky-journey.spec.mjs:861:4 › journey admission fails closed: no-profile
[14/37] tests\pwa\booky-journey.spec.mjs:861:4 › journey admission fails closed: no-independent-journey-review
[15/37] tests\pwa\booky-journey.spec.mjs:883:1 › confirmed journey progress restores the exact prefix paused in a fresh document until explicit resume
[16/37] tests\pwa\booky-journey.spec.mjs:919:1 › failed journey-progress native write stays visibly unsaved until explicit exact retry
[17/37] tests\pwa\booky-journey.spec.mjs:953:1 › future journey progress remains unchanged until explicit confirmed removal
[18/37] tests\pwa\booky-journey.spec.mjs:989:1 › a new reviewed journey version cannot reinterpret or overwrite a saved older prefix
[19/37] tests\pwa\booky-journey.spec.mjs:1024:1 › explicit reviewed journey migration preserves history and restores the exact new prefix paused
[20/37] tests\pwa\booky-journey.spec.mjs:1099:1 › missing or revoked independent migration review preserves the old version without navigation
[21/37] tests\pwa\booky-journey.spec.mjs:1150:1 › confirmed exact-version completion unlocks a dependent journey only with independently admitted saved locale
[22/37] tests\pwa\booky-journey.spec.mjs:1203:1 › history selection never navigates and confirmed single-record deletion truthfully retries while revoking a prerequisite
[23/37] tests\pwa\booky-journey.spec.mjs:1277:4 › journey focus: owned invalidated confirmation restores stable status
[24/37] tests\pwa\booky-journey.spec.mjs:1277:4 › journey focus: invalidated confirmation never steals outside keyboard focus
[25/37] tests\pwa\booky-journey.spec.mjs:1329:1 › journey focus: keyboard cancellation and fresh document discard consent without replaying progress
[26/37] tests\pwa\booky-journey.spec.mjs:1399:1 › full journey history keeps existing progress usable and frees exactly one chosen entry for a new route
[27/37] tests\pwa\booky-journey.spec.mjs:1587:1 › literary passport credits only confirmed acknowledged steps and withdraws a deliberately deleted history
[28/37] tests\pwa\booky-journey.spec.mjs:1742:1 › reviewed journey overview follows exact locale review and whole-route offline availability without writing progress
[29/37] tests\pwa\booky-journey.spec.mjs:1901:1 › sourced fact uses exact work view and read-only bilingual citations before explicit semantic acknowledgement
[30/37] tests\pwa\booky-journey.spec.mjs:1999:1 › sourced fact revocation and changed source bindings preserve saved acknowledgements until exact reviewed restoration
[31/37] tests\pwa\booky-live-character.spec.mjs:400:1 › live Mr. Booky model responds to direct interaction while the canonical globe stays unchanged
[32/37] tests\pwa\booky-live-character.spec.mjs:547:1 › Mr. Booky opens canonical local utilities without writes and preserves newer keyboard focus
[33/37] tests\pwa\booky-live-character.spec.mjs:629:1 › Mr. Booky thirteen gestures and nonrepeating surprises finish and remain still with reduced motion
[34/37] tests\pwa\booky-live-character.spec.mjs:738:1 › Mr. Booky walks along the margin only by request and stops for drag, hiding and reduced motion
[35/37] tests\pwa\booky-live-character.spec.mjs:823:1 › Mr. Booky approaches the selected section once, points, and respects cancellation and reduced motion
[36/37] tests\pwa\booky-reader-policy.spec.mjs:481:1 › explicit adult profile survives locale and lifecycle while drafts and deletion never grant stale policy
[37/37] tests\pwa\booky-reader-policy.spec.mjs:542:1 › future profiles are retained until confirmed deletion and failed deletion cannot restore admission
  37 passed (7.4m)
