To honour the JVM settings for this build a single-use Daemon process will be forked. For more on this, please refer to https://docs.gradle.org/8.14.3/userguide/gradle_daemon.html#sec:disabling_the_daemon in the Gradle documentation.
Daemon will be stopped at the end of the build 

> Configure project :app
WARNING: The option setting 'android.overridePathCheck=true' is experimental.
The current default is 'false'.
WARNING: Using flatDir should be avoided because it doesn't support any meta-data formats.

> Configure project :capacitor-cordova-android-plugins
WARNING: Using flatDir should be avoided because it doesn't support any meta-data formats.
Warning: SDK processing. This version only understands SDK XML versions up to 3 but an SDK XML file of version 4 was encountered. This can happen if you use versions of Android Studio and the command-line tools that were released at different times.

> Task :app:preBuild UP-TO-DATE
> Task :app:preDevDebugBuild
> Task :capacitor-android:preBuild UP-TO-DATE
> Task :capacitor-android:preDebugBuild UP-TO-DATE
> Task :capacitor-android:writeDebugAarMetadata UP-TO-DATE
> Task :capacitor-app:preBuild UP-TO-DATE
> Task :capacitor-app:preDebugBuild UP-TO-DATE
> Task :capacitor-app:writeDebugAarMetadata UP-TO-DATE
> Task :capacitor-app-launcher:preBuild UP-TO-DATE
> Task :capacitor-app-launcher:preDebugBuild UP-TO-DATE
> Task :app:javaPreCompileDevDebug
> Task :capacitor-app-launcher:writeDebugAarMetadata UP-TO-DATE
> Task :capacitor-browser:preBuild UP-TO-DATE
> Task :capacitor-browser:preDebugBuild UP-TO-DATE
> Task :capacitor-browser:writeDebugAarMetadata UP-TO-DATE
> Task :capacitor-cordova-android-plugins:preBuild UP-TO-DATE
> Task :capacitor-cordova-android-plugins:preDebugBuild UP-TO-DATE
> Task :capacitor-cordova-android-plugins:writeDebugAarMetadata UP-TO-DATE
> Task :capacitor-network:preBuild UP-TO-DATE
> Task :capacitor-network:preDebugBuild UP-TO-DATE
> Task :capacitor-network:writeDebugAarMetadata UP-TO-DATE
> Task :capacitor-preferences:preBuild UP-TO-DATE
> Task :capacitor-preferences:preDebugBuild UP-TO-DATE
> Task :capacitor-preferences:writeDebugAarMetadata UP-TO-DATE
> Task :capacitor-android:processDebugNavigationResources UP-TO-DATE
> Task :capacitor-app:processDebugNavigationResources UP-TO-DATE
> Task :capacitor-app-launcher:processDebugNavigationResources UP-TO-DATE
> Task :capacitor-browser:processDebugNavigationResources UP-TO-DATE
> Task :app:checkDevDebugAarMetadata
> Task :capacitor-cordova-android-plugins:processDebugNavigationResources UP-TO-DATE
> Task :capacitor-network:processDebugNavigationResources UP-TO-DATE
> Task :capacitor-preferences:processDebugNavigationResources UP-TO-DATE
> Task :app:processDevDebugNavigationResources UP-TO-DATE
> Task :app:generateDevDebugResValues UP-TO-DATE
> Task :capacitor-android:generateDebugResValues UP-TO-DATE
> Task :capacitor-android:generateDebugResources UP-TO-DATE
> Task :app:compileDevDebugNavigationResources
> Task :capacitor-android:packageDebugResources UP-TO-DATE
> Task :capacitor-app:generateDebugResValues UP-TO-DATE
> Task :capacitor-app:generateDebugResources UP-TO-DATE
> Task :capacitor-app:packageDebugResources UP-TO-DATE
> Task :capacitor-app-launcher:generateDebugResValues UP-TO-DATE
> Task :capacitor-app-launcher:generateDebugResources UP-TO-DATE
> Task :capacitor-app-launcher:packageDebugResources UP-TO-DATE
> Task :capacitor-browser:generateDebugResValues UP-TO-DATE
> Task :capacitor-browser:generateDebugResources UP-TO-DATE
> Task :capacitor-browser:packageDebugResources UP-TO-DATE
> Task :capacitor-cordova-android-plugins:generateDebugResValues UP-TO-DATE
> Task :capacitor-cordova-android-plugins:generateDebugResources UP-TO-DATE
> Task :capacitor-cordova-android-plugins:packageDebugResources UP-TO-DATE
> Task :capacitor-network:generateDebugResValues UP-TO-DATE
> Task :capacitor-network:generateDebugResources UP-TO-DATE
> Task :capacitor-network:packageDebugResources UP-TO-DATE
> Task :capacitor-preferences:generateDebugResValues UP-TO-DATE
> Task :capacitor-preferences:generateDebugResources UP-TO-DATE
> Task :capacitor-preferences:packageDebugResources UP-TO-DATE
> Task :app:mapDevDebugSourceSetPaths
> Task :app:generateDevDebugResources
> Task :app:packageDevDebugResources
> Task :app:mergeDevDebugResources
> Task :app:createDevDebugCompatibleScreenManifests
> Task :app:extractDeepLinksDevDebug
> Task :capacitor-android:extractDeepLinksDebug UP-TO-DATE
> Task :capacitor-android:processDebugManifest UP-TO-DATE
> Task :capacitor-app:extractDeepLinksDebug UP-TO-DATE
> Task :capacitor-app:processDebugManifest UP-TO-DATE
> Task :capacitor-app-launcher:extractDeepLinksDebug UP-TO-DATE
> Task :app:parseDevDebugLocalResources
> Task :capacitor-app-launcher:processDebugManifest UP-TO-DATE
> Task :capacitor-browser:extractDeepLinksDebug UP-TO-DATE
> Task :capacitor-browser:processDebugManifest UP-TO-DATE
> Task :capacitor-cordova-android-plugins:extractDeepLinksDebug UP-TO-DATE
> Task :capacitor-cordova-android-plugins:processDebugManifest UP-TO-DATE
> Task :capacitor-network:extractDeepLinksDebug UP-TO-DATE
> Task :capacitor-network:processDebugManifest UP-TO-DATE
> Task :capacitor-preferences:extractDeepLinksDebug UP-TO-DATE
> Task :capacitor-preferences:processDebugManifest UP-TO-DATE
> Task :app:processDevDebugMainManifest
> Task :app:processDevDebugManifest
> Task :capacitor-android:compileDebugLibraryResources UP-TO-DATE
> Task :capacitor-android:parseDebugLocalResources UP-TO-DATE
> Task :app:processDevDebugManifestForPackage
> Task :capacitor-android:generateDebugRFile UP-TO-DATE
> Task :capacitor-app:compileDebugLibraryResources UP-TO-DATE
> Task :capacitor-app:parseDebugLocalResources UP-TO-DATE
> Task :capacitor-app:generateDebugRFile UP-TO-DATE
> Task :capacitor-app-launcher:compileDebugLibraryResources UP-TO-DATE
> Task :capacitor-app-launcher:parseDebugLocalResources UP-TO-DATE
> Task :capacitor-app-launcher:generateDebugRFile UP-TO-DATE
> Task :capacitor-browser:compileDebugLibraryResources UP-TO-DATE
> Task :capacitor-browser:parseDebugLocalResources UP-TO-DATE
> Task :capacitor-browser:generateDebugRFile UP-TO-DATE
> Task :capacitor-cordova-android-plugins:compileDebugLibraryResources UP-TO-DATE
> Task :capacitor-cordova-android-plugins:parseDebugLocalResources UP-TO-DATE
> Task :capacitor-cordova-android-plugins:generateDebugRFile UP-TO-DATE
> Task :capacitor-network:compileDebugLibraryResources UP-TO-DATE
> Task :capacitor-network:parseDebugLocalResources UP-TO-DATE
> Task :capacitor-network:generateDebugRFile UP-TO-DATE
> Task :capacitor-preferences:compileDebugLibraryResources UP-TO-DATE
> Task :capacitor-preferences:parseDebugLocalResources UP-TO-DATE
> Task :capacitor-preferences:generateDebugRFile UP-TO-DATE
> Task :capacitor-android:javaPreCompileDebug UP-TO-DATE
> Task :capacitor-android:compileDebugJavaWithJavac UP-TO-DATE
> Task :capacitor-android:bundleLibCompileToJarDebug UP-TO-DATE
> Task :capacitor-app:javaPreCompileDebug UP-TO-DATE
> Task :capacitor-app:compileDebugJavaWithJavac UP-TO-DATE
> Task :capacitor-app:bundleLibCompileToJarDebug UP-TO-DATE
> Task :capacitor-app-launcher:javaPreCompileDebug UP-TO-DATE
> Task :capacitor-app-launcher:compileDebugJavaWithJavac UP-TO-DATE
> Task :capacitor-app-launcher:bundleLibCompileToJarDebug UP-TO-DATE
> Task :capacitor-browser:javaPreCompileDebug UP-TO-DATE
> Task :capacitor-browser:compileDebugJavaWithJavac UP-TO-DATE
> Task :capacitor-browser:bundleLibCompileToJarDebug UP-TO-DATE
> Task :capacitor-cordova-android-plugins:javaPreCompileDebug UP-TO-DATE
> Task :capacitor-cordova-android-plugins:compileDebugJavaWithJavac NO-SOURCE
> Task :capacitor-cordova-android-plugins:bundleLibCompileToJarDebug UP-TO-DATE
> Task :capacitor-network:javaPreCompileDebug UP-TO-DATE
> Task :capacitor-network:compileDebugJavaWithJavac UP-TO-DATE
> Task :capacitor-network:bundleLibCompileToJarDebug UP-TO-DATE
> Task :capacitor-preferences:javaPreCompileDebug UP-TO-DATE
> Task :capacitor-preferences:compileDebugJavaWithJavac UP-TO-DATE
> Task :capacitor-preferences:bundleLibCompileToJarDebug UP-TO-DATE
> Task :app:processDevDebugResources
> Task :app:compileDevDebugJavaWithJavac

BUILD SUCCESSFUL in 23s
108 actionable tasks: 16 executed, 92 up-to-date
