{
  "schemaVersion": 1,
  "kind": "booky-dialogue-draft-inventory",
  "pass": true,
  "recordCount": 12,
  "stateCount": 6,
  "locales": [
    "ru",
    "en"
  ],
  "draftCount": 12,
  "notReviewedCount": 12,
  "approvedCount": 0,
  "availableAdultCount": 0,
  "availableChildCount": 0,
  "reviewedDialogueAvailable": 0,
  "source": {
    "sourcePath": "src/host/bookySupport.ts",
    "sourceCommit": "707044e708cb5b0ce1b564b378cc5adffd574f12",
    "sourceVersion": 1,
    "sourceSha256": "2190a681325ef2e804f0bb320aa1c8b0815116cd2d1334a6e0fdf40318a6ff00",
    "sourceHashEncoding": "sha256:utf8:lf",
    "copyHashEncoding": "sha256:utf8:JSON.stringify({title,body})"
  },
  "actualSourceSha256": "2190a681325ef2e804f0bb320aa1c8b0815116cd2d1334a6e0fdf40318a6ff00",
  "sourceFile": {
    "path": "src/host/bookySupport.ts",
    "sha256": "2190a681325ef2e804f0bb320aa1c8b0815116cd2d1334a6e0fdf40318a6ff00",
    "normalizedSha256": "2190a681325ef2e804f0bb320aa1c8b0815116cd2d1334a6e0fdf40318a6ff00"
  },
  "sourceInputs": [
    {
      "path": "node_modules/@noble/hashes/esm/_md.js",
      "sha256": "cefb1557e7715cb2117c83f82ef3e3175c7e0391c80bd5795b2d4effc45fc582"
    },
    {
      "path": "node_modules/@noble/hashes/esm/_u64.js",
      "sha256": "e48c0cfc10810439a4807b46db136ce603a3fa09b62584f513ef2f3ca496af54"
    },
    {
      "path": "node_modules/@noble/hashes/esm/cryptoNode.js",
      "sha256": "26f80c6a85b6ef7bfd83b99d95b2b5ba8764397b9465feff32e81ba4e6416619"
    },
    {
      "path": "node_modules/@noble/hashes/esm/sha2.js",
      "sha256": "e729088b82e5450bff54c3a0013582aa42e1fe8f58dd31f5967f6ebe34c52299"
    },
    {
      "path": "node_modules/@noble/hashes/esm/utils.js",
      "sha256": "4cf4c1e05affedcb4fd584a43d76ae1a3711e34a36e2251b90c27e33ecc74fad"
    },
    {
      "path": "scripts/mobile/verify-booky-dialogue-drafts.mjs",
      "sha256": "1445f1869adb7c96c1119ad423606b6f65a132315edad00b9c4858a420ad0f55"
    },
    {
      "path": "src/host/bookyDialogueDrafts.ts",
      "sha256": "107cd15f39f1a65498b8538836295eb69149132b32cc80a29ac6c5ef1371f090"
    },
    {
      "path": "src/host/bookyDialogueRegistry.ts",
      "sha256": "f9fc576f0f878c0f7b6da61214e5735c140f003c5dc8a9f39caf5c0f74b45f93"
    },
    {
      "path": "src/host/bookySupport.ts",
      "sha256": "2190a681325ef2e804f0bb320aa1c8b0815116cd2d1334a6e0fdf40318a6ff00"
    },
    {
      "path": "src/planet/contentExportHash.ts",
      "sha256": "05e24bf089e59bf8015e74d8adc9b96147abbc665596920917e8ca2fd5dc7c46"
    }
  ],
  "records": [
    {
      "id": "support.countries-error",
      "locale": "ru",
      "version": 1,
      "status": "draft",
      "sourceSha256": "2190a681325ef2e804f0bb320aa1c8b0815116cd2d1334a6e0fdf40318a6ff00",
      "copySha256": "f5372063c46e6d9a6efd9f63b84819d7e1a876f9782f789b1fa548ade6bf94df",
      "contentChecksumMatches": true,
      "recordChecksumMatches": true,
      "runtimeTextMatches": true,
      "reviewedDialogueAvailable": false,
      "childDialogueAvailable": false
    },
    {
      "id": "support.countries-error",
      "locale": "en",
      "version": 1,
      "status": "draft",
      "sourceSha256": "2190a681325ef2e804f0bb320aa1c8b0815116cd2d1334a6e0fdf40318a6ff00",
      "copySha256": "3c91e61dfee6559aa226cc79054912e088aa4eb47011ab239df8717ecdd5035c",
      "contentChecksumMatches": true,
      "recordChecksumMatches": true,
      "runtimeTextMatches": true,
      "reviewedDialogueAvailable": false,
      "childDialogueAvailable": false
    },
    {
      "id": "support.books-error",
      "locale": "ru",
      "version": 1,
      "status": "draft",
      "sourceSha256": "2190a681325ef2e804f0bb320aa1c8b0815116cd2d1334a6e0fdf40318a6ff00",
      "copySha256": "abbbb1923987c9bf3f900ffaae8cadcd3e005e3c49e2029fd51bfcb513a1c394",
      "contentChecksumMatches": true,
      "recordChecksumMatches": true,
      "runtimeTextMatches": true,
      "reviewedDialogueAvailable": false,
      "childDialogueAvailable": false
    },
    {
      "id": "support.books-error",
      "locale": "en",
      "version": 1,
      "status": "draft",
      "sourceSha256": "2190a681325ef2e804f0bb320aa1c8b0815116cd2d1334a6e0fdf40318a6ff00",
      "copySha256": "c867f62cfd8334b5638f557e5939b16b4c2c2f9f8809718639ad6d866c664356",
      "contentChecksumMatches": true,
      "recordChecksumMatches": true,
      "runtimeTextMatches": true,
      "reviewedDialogueAvailable": false,
      "childDialogueAvailable": false
    },
    {
      "id": "support.countries-loading",
      "locale": "ru",
      "version": 1,
      "status": "draft",
      "sourceSha256": "2190a681325ef2e804f0bb320aa1c8b0815116cd2d1334a6e0fdf40318a6ff00",
      "copySha256": "46ed7156b34787704d3343f87f0cd1d49cf78a46d95218a1bd4d02145844cb3a",
      "contentChecksumMatches": true,
      "recordChecksumMatches": true,
      "runtimeTextMatches": true,
      "reviewedDialogueAvailable": false,
      "childDialogueAvailable": false
    },
    {
      "id": "support.countries-loading",
      "locale": "en",
      "version": 1,
      "status": "draft",
      "sourceSha256": "2190a681325ef2e804f0bb320aa1c8b0815116cd2d1334a6e0fdf40318a6ff00",
      "copySha256": "d3152d225a3dcb2e87bbf0b926a68acd060c7b8d68806996b4543a22135cd572",
      "contentChecksumMatches": true,
      "recordChecksumMatches": true,
      "runtimeTextMatches": true,
      "reviewedDialogueAvailable": false,
      "childDialogueAvailable": false
    },
    {
      "id": "support.books-loading",
      "locale": "ru",
      "version": 1,
      "status": "draft",
      "sourceSha256": "2190a681325ef2e804f0bb320aa1c8b0815116cd2d1334a6e0fdf40318a6ff00",
      "copySha256": "35ac5a9491e16bc55ac15f19b2499f7b63d13e47bdeab0fe234311636cfc8e2c",
      "contentChecksumMatches": true,
      "recordChecksumMatches": true,
      "runtimeTextMatches": true,
      "reviewedDialogueAvailable": false,
      "childDialogueAvailable": false
    },
    {
      "id": "support.books-loading",
      "locale": "en",
      "version": 1,
      "status": "draft",
      "sourceSha256": "2190a681325ef2e804f0bb320aa1c8b0815116cd2d1334a6e0fdf40318a6ff00",
      "copySha256": "5499ae9bafce8581e6c4f8313fb4550d32d3d5fab86261820520cf369dbc8a5b",
      "contentChecksumMatches": true,
      "recordChecksumMatches": true,
      "runtimeTextMatches": true,
      "reviewedDialogueAvailable": false,
      "childDialogueAvailable": false
    },
    {
      "id": "support.offline",
      "locale": "ru",
      "version": 1,
      "status": "draft",
      "sourceSha256": "2190a681325ef2e804f0bb320aa1c8b0815116cd2d1334a6e0fdf40318a6ff00",
      "copySha256": "b4feb55a913776eb75e35947461e4a472469a88e263457d1b61e5c75169f0b36",
      "contentChecksumMatches": true,
      "recordChecksumMatches": true,
      "runtimeTextMatches": true,
      "reviewedDialogueAvailable": false,
      "childDialogueAvailable": false
    },
    {
      "id": "support.offline",
      "locale": "en",
      "version": 1,
      "status": "draft",
      "sourceSha256": "2190a681325ef2e804f0bb320aa1c8b0815116cd2d1334a6e0fdf40318a6ff00",
      "copySha256": "6f374cdc39aea73e128c2af2ed1e6a78e2131ea551466142e64f8c6a787925c2",
      "contentChecksumMatches": true,
      "recordChecksumMatches": true,
      "runtimeTextMatches": true,
      "reviewedDialogueAvailable": false,
      "childDialogueAvailable": false
    },
    {
      "id": "support.network-unknown",
      "locale": "ru",
      "version": 1,
      "status": "draft",
      "sourceSha256": "2190a681325ef2e804f0bb320aa1c8b0815116cd2d1334a6e0fdf40318a6ff00",
      "copySha256": "7f5f9d95dfd88d15ea7a5b4f556fb178d78ca7184a9d6041337fa407460c917b",
      "contentChecksumMatches": true,
      "recordChecksumMatches": true,
      "runtimeTextMatches": true,
      "reviewedDialogueAvailable": false,
      "childDialogueAvailable": false
    },
    {
      "id": "support.network-unknown",
      "locale": "en",
      "version": 1,
      "status": "draft",
      "sourceSha256": "2190a681325ef2e804f0bb320aa1c8b0815116cd2d1334a6e0fdf40318a6ff00",
      "copySha256": "fb3fd97a5fe4cd7296ef9794e56352225f2714d64bed348b55274c70df5365d6",
      "contentChecksumMatches": true,
      "recordChecksumMatches": true,
      "runtimeTextMatches": true,
      "reviewedDialogueAvailable": false,
      "childDialogueAvailable": false
    }
  ],
  "errors": [],
  "changesExistingHelp": false,
  "narrationEnabled": false,
  "childApproved": false,
  "humanReviewed": false,
  "factualEditorialEvidenceClaimed": false,
  "stageAccepted": false,
  "releaseReady": false
}
