{
  "pass": true,
  "identity": {
    "buildId": "12aedc4dd02d3fb14f10e0c279abb714c0042e4bdb08666740a08caa8dc48d6d",
    "sourceCommit": "a965e043eee6c778f37215f236db5a52272a91ed",
    "localQaAuthority": true
  },
  "counts": {
    "files": 1427,
    "bytes": 76771519,
    "bootstrapFiles": 1398,
    "bootstrapBytes": 72967747,
    "sourceInputs": 1103,
    "publicSources": 1349,
    "scripts": 46
  },
  "findings": [],
  "releaseReady": false,
  "limitations": [
    "Preparation integrity and current source-input freshness only; not an RC, editorial/rights approval, entitlement authority or deployment approval.",
    "Static module/HTML/worker configuration checks do not prove browser behavior or arbitrary executable equivalence; real browser and native gates remain required."
  ]
}
